../analysis/data_nev/Chabo_20110122_RSVPNicole305_A_001.nev
../analysis/data_nev/Chabo_20110123_RSVPNicole105_P_001.nev
../analysis/data_nev/Chabo_20110123_RSVPNicole10x6_A_001.nev
../analysis/data_nev/Chabo_20110123_RSVPNicole10x6_P_001.nev
../analysis/data_nev/Chabo_20110123_RSVPNicole305_M_001.nev
../analysis/data_nev/Chabo_20110123_RSVPNicole305_P_001.nev
../analysis/data_nev/Chabo_20110124_RSVPNicole105_A_001.nev
../analysis/data_nev/Chabo_20110124_RSVPNicole105_M_001.nev
../analysis/data_nev/Chabo_20110124_RSVPNicole10x6_A_001.nev
../analysis/data_nev/Chabo_20110124_RSVPNicole10x6_M_001.nev
../analysis/data_nev/Chabo_20110124_RSVPNuo53_A_001.nev
../analysis/data_nev/Chabo_20110124_RSVPNuo53_M_001.nev
../analysis/data_nev/Chabo_20110124_RSVPNuo53_P_001.nev
../analysis/data_nev/Chabo_20110125_RSVPChou_A_001.nev
../analysis/data_nev/Chabo_20110125_RSVPChou_M_001.nev
../analysis/data_nev/Chabo_20110125_RSVPChou_P_001.nev
../analysis/data_nev/Chabo_20110125_RSVPChou_P_002.nev
../analysis/data_nev/Chabo_20110125_RSVPVar00_A_001.nev
../analysis/data_nev/Chabo_20110125_RSVPVar00_M_001.nev
../analysis/data_nev/Chabo_20110125_RSVPVar00_P_001.nev
../analysis/data_nev/Chabo_20110126_RSVPVar03_A_001.nev
../analysis/data_nev/Chabo_20110126_RSVPVar03_A_002.nev
../analysis/data_nev/Chabo_20110126_RSVPVar03_M_001.nev
../analysis/data_nev/Chabo_20110126_RSVPVar03_M_002.nev
../analysis/data_nev/Chabo_20110126_RSVPVar03_P_001.nev
../analysis/data_nev/Chabo_20110126_RSVPVar03_P_002.nev
../analysis/data_nev/Chabo_20110127_RSVPVar03_A_001.nev
../analysis/data_nev/Chabo_20110127_RSVPVar03_A_002.nev
../analysis/data_nev/Chabo_20110127_RSVPVar03_A_003.nev
../analysis/data_nev/Chabo_20110127_RSVPVar03_P_001.nev
../analysis/data_nev/Chabo_20110127_RSVPVar03_P_002.nev
../analysis/data_nev/Chabo_20110127_RSVPVar03_P_003.nev
../analysis/data_nev/Chabo_20110128_RSVPVar03a_M_001.nev
../analysis/data_nev/Chabo_20110128_RSVPVar03a_M_002.nev
../analysis/data_nev/Chabo_20110128_RSVPVar03_M_001.nev
../analysis/data_nev/Chabo_20110128_RSVPVar03_M_002.nev
../analysis/data_nev/Chabo_20110128_RSVPVar03_M_003.nev
../analysis/data_nev/Chabo_20110129_RSVPVar03a_A_002.nev
../analysis/data_nev/Chabo_20110129_RSVPVar03a_A_003.nev
../analysis/data_nev/Chabo_20110130_RSVPVar03a_A_001.nev
../analysis/data_nev/Chabo_20110130_RSVPVar03a_M_001.nev
../analysis/data_nev/Chabo_20110130_RSVPVar03a_M_002.nev
../analysis/data_nev/Chabo_20110130_RSVPVar03a_M_003.nev
../analysis/data_nev/Chabo_20110130_RSVPVar03a_P_001.nev
../analysis/data_nev/Chabo_20110130_RSVPVar03a_P_002.nev
../analysis/data_nev/Chabo_20110130_RSVPVar03a_P_003.nev
../analysis/data_nev/Chabo_20110131_RSVPVar06a_A_001.nev
../analysis/data_nev/Chabo_20110131_RSVPVar06a_A_002.nev
../analysis/data_nev/Chabo_20110131_RSVPVar06a_A_003.nev
../analysis/data_nev/Chabo_20110201_RSVPVar06a_M_001.nev
../analysis/data_nev/Chabo_20110201_RSVPVar06a_M_002.nev
../analysis/data_nev/Chabo_20110201_RSVPVar06a_M_003.nev
../analysis/data_nev/Chabo_20110201_RSVPVar06a_P_001.nev
../analysis/data_nev/Chabo_20110201_RSVPVar06a_P_002.nev
../analysis/data_nev/Chabo_20110201_RSVPVar06a_P_003.nev
../analysis/data_nev/Chabo_20110202_RSVPNicole10x6_A_001.nev
../analysis/data_nev/Chabo_20110202_RSVPNicole305_A_001.nev
../analysis/data_nev/Chabo_20110202_RSVPVar06a_A_001.nev
../analysis/data_nev/Chabo_20110202_RSVPVar06a_A_002.nev
../analysis/data_nev/Chabo_20110202_RSVPVar06a_A_003.nev
../analysis/data_nev/Chabo_20110203_RSVPVar00a_on024_off024_A_004.nev
../analysis/data_nev/Chabo_20110203_RSVPVar00a_on024_off024_A_005.nev
../analysis/data_nev/Chabo_20110203_RSVPVar00a_on024_off024_A_006.nev
../analysis/data_nev/Chabo_20110203_RSVPVar00a_on024_off100_A_002.nev
../analysis/data_nev/Chabo_20110203_RSVPVar00a_on024_off100_A_003.nev
../analysis/data_nev/Chabo_20110203_RSVPVar00a_on100_off100_A_001.nev
../analysis/data_nev/Chabo_20110204_RSVPVar00a_on100_off100_P_001.nev
../analysis/data_nev/Chabo_20110204_RSVPVar00a_on24_off100_P_001.nev
../analysis/data_nev/Chabo_20110204_RSVPVar00a_on24_off24_P_001.nev
../analysis/data_nev/Chabo_20110207_RSVPVar00a_on100_off100_M_001.nev
../analysis/data_nev/Chabo_20110207_RSVPVar00a_on100_off100_P_001.nev
../analysis/data_nev/Chabo_20110208_RSVPVar00a_on024_off024_M_002.nev
../analysis/data_nev/Chabo_20110208_RSVPVar00a_on100_off100_M_001.nev
../analysis/data_nev/Chabo_20110209_RSVPVar00a_on024_off024_M_003.nev
../analysis/data_nev/Chabo_20110209_RSVPVar00a_on024_off024_M_004.nev
../analysis/data_nev/Chabo_20110209_RSVPVar00a_on024_off100_M_001.nev
../analysis/data_nev/Chabo_20110209_RSVPVar00a_on024_off100_M_002.nev
../analysis/data_nev/Chabo_20110210_RSVPVar00a_on024_off024_M_003.nev
../analysis/data_nev/Chabo_20110210_RSVPVar00a_on024_off024_M_004.nev
../analysis/data_nev/Chabo_20110210_RSVPVar00a_on024_off024_M_005.nev
../analysis/data_nev/Chabo_20110210_RSVPVar00a_on024_off024_M_006.nev
../analysis/data_nev/Chabo_20110210_RSVPVar00a_on024_off024_M_007.nev
../analysis/data_nev/Chabo_20110210_RSVPVar00a_on024_off024_M_008.nev
../analysis/data_nev/Chabo_20110210_RSVPVar00a_on024_off024_M_009.nev
../analysis/data_nev/Chabo_20110210_RSVPVar00a_on024_off100_M_001.nev
../analysis/data_nev/Chabo_20110210_RSVPVar00a_on024_off100_M_002.nev
../analysis/data_nev/Chabo_20110211_RSVPVar00a_on100_off100_A_001.nev
../analysis/data_nev/Chabo_20110211_RSVPVar00a_on100_off100_A_002.nev
../analysis/data_nev/Chabo_20110211_RSVPVar00a_on100_off100_A_1to1_003.nev
../analysis/data_nev/Chabo_20110211_RSVPVar00a_on100_off100_A_1to1_004.nev
../analysis/data_nev/Chabo_20110212_RSVPVar00a_on100_off100_P_006.nev
../analysis/data_nev/Chabo_20110212_RSVPVar00a_on100_off100_P_007.nev
../analysis/data_nev/Chabo_20110212_RSVPVar00a_on100_off100_P_008.nev
../analysis/data_nev/Chabo_20110212_RSVPVar00a_on100_off100_P_009.nev
../analysis/data_nev/Chabo_20110212_RSVPVar00a_on100_off100_P_010.nev
../analysis/data_nev/Chabo_20110212_RSVPVar00a_on100_off100_P_1to1_001.nev
../analysis/data_nev/Chabo_20110212_RSVPVar00a_on100_off100_P_1to1_002.nev
../analysis/data_nev/Chabo_20110212_RSVPVar00a_on100_off100_P_1to1_003.nev
../analysis/data_nev/Chabo_20110212_RSVPVar00a_on100_off100_P_1to1_004.nev
../analysis/data_nev/Chabo_20110212_RSVPVar00a_on100_off100_P_1to1_005.nev
../analysis/data_nev/Chabo_20110213_RSVPVar00a_on024_off100_M_004.nev
../analysis/data_nev/Chabo_20110213_RSVPVar00a_on024_off100_M_005.nev
../analysis/data_nev/Chabo_20110213_RSVPVar00a_on024_off100_M_1to1_009.nev
../analysis/data_nev/Chabo_20110213_RSVPVar00a_on024_off100_M_1to1_010.nev
../analysis/data_nev/Chabo_20110213_RSVPVar00a_on100_off100_M_001.nev
../analysis/data_nev/Chabo_20110213_RSVPVar00a_on100_off100_M_002.nev
../analysis/data_nev/Chabo_20110213_RSVPVar00a_on100_off100_M_003.nev
../analysis/data_nev/Chabo_20110213_RSVPVar00a_on100_off100_M_1to1_006.nev
../analysis/data_nev/Chabo_20110213_RSVPVar00a_on100_off100_M_1to1_007.nev
../analysis/data_nev/Chabo_20110213_RSVPVar00a_on100_off100_M_1to1_008.nev
../analysis/data_nev/Chabo_20110214_RSVPNicole10x6_A_001.nev
../analysis/data_nev/Chabo_20110214_RSVPNicole10x6_M_001.nev
../analysis/data_nev/Chabo_20110214_RSVPNicole10x6_P_001.nev
../analysis/data_nev/Chabo_20110214_RSVPNicole305_A_001.nev
../analysis/data_nev/Chabo_20110214_RSVPNicole305_M_001.nev
../analysis/data_nev/Chabo_20110214_RSVPNicole305_M_002.nev
../analysis/data_nev/Chabo_20110214_RSVPNicole305_P_001.nev
../analysis/data_nev/Chabo_20110214_RSVPNuo_A_001.nev
../analysis/data_nev/Chabo_20110214_RSVPNuo_M_001.nev
../analysis/data_nev/Chabo_20110214_RSVPNuo_P_001.nev
../analysis/data_nev/Chabo_20110216_RSVPVar03a_A_001.nev
../analysis/data_nev/Chabo_20110216_RSVPVar03a_A_002.nev
../analysis/data_nev/Chabo_20110216_RSVPVar03a_A_003.nev
../analysis/data_nev/Chabo_20110216_RSVPVar03a_A_004.nev
../analysis/data_nev/Chabo_20110216_RSVPVar03a_A_005.nev
../analysis/data_nev/Chabo_20110217_RSVPVar03a_5deg_P_001.nev
../analysis/data_nev/Chabo_20110217_RSVPVar03a_5deg_P_002.nev
../analysis/data_nev/Chabo_20110217_RSVPVar03a_5deg_P_003.nev
../analysis/data_nev/Chabo_20110217_RSVPVar03a_5deg_P_004.nev
../analysis/data_nev/Chabo_20110217_RSVPVar03a_5deg_P_005.nev
../analysis/data_nev/Chabo_20110218_RSVPVar03a_5deg_A_001.nev
../analysis/data_nev/Chabo_20110218_RSVPVar03a_5deg_A_002.nev
../analysis/data_nev/Chabo_20110218_RSVPVar03a_5deg_A_003.nev
../analysis/data_nev/Chabo_20110218_RSVPVar03a_5deg_A_004.nev
../analysis/data_nev/Chabo_20110218_RSVPVar03a_5deg_A_005.nev
../analysis/data_nev/Chabo_20110218_RSVPVar03a_5deg_M_001.nev
../analysis/data_nev/Chabo_20110218_RSVPVar03a_5deg_M_002.nev
../analysis/data_nev/Chabo_20110218_RSVPVar03a_5deg_M_003.nev
../analysis/data_nev/Chabo_20110218_RSVPVar03a_5deg_M_004.nev
../analysis/data_nev/Chabo_20110218_RSVPVar03a_5deg_M_005.nev
../analysis/data_nev/Chabo_20110223_RSVPNicole10x6_A_001.nev
../analysis/data_nev/Chabo_20110223_RSVPNicole10x6_M_001.nev
../analysis/data_nev/Chabo_20110223_RSVPNicole10x6_P_001.nev
../analysis/data_nev/Chabo_20110223_RSVPNuo_A_001.nev
../analysis/data_nev/Chabo_20110223_RSVPVar03a_5deg_A_001.nev
../analysis/data_nev/Chabo_20110223_RSVPVar03a_5deg_A_002.nev
../analysis/data_nev/Chabo_20110223_RSVPVar03a_5deg_A_003.nev
../analysis/data_nev/Chabo_20110223_RSVPVar03a_5deg_A_004.nev
../analysis/data_nev/Chabo_20110223_RSVPVar03a_5deg_A_005.nev
../analysis/data_nev/Chabo_20110324_RSVPNicole305_A_001.nev
../analysis/data_nev/Chabo_20110324_RSVPNicole305_A_002.nev
../analysis/data_nev/Chabo_20110324_RSVPNicole305_M_001.nev
../analysis/data_nev/Chabo_20110324_RSVPNicole305_M_002.nev
../analysis/data_nev/Chabo_20110324_RSVPNicole305_P_001.nev
../analysis/data_nev/Chabo_20110324_RSVPNicole305_P_002.nev
../analysis/data_nev/Chabo_20110325_RSVPNicole305_A_001.nev
../analysis/data_nev/Chabo_20110325_RSVPNicole305_A_002.nev
../analysis/data_nev/Chabo_20110325_RSVPNicole305_M_001.nev
../analysis/data_nev/Chabo_20110325_RSVPNicole305_M_002.nev
../analysis/data_nev/Chabo_20110325_RSVPNicole305_P_001.nev
../analysis/data_nev/Chabo_20110325_RSVPNicole305_P_002.nev
../analysis/data_nev/Chabo_20110326_RSVPNicole305_A_001.nev
../analysis/data_nev/Chabo_20110326_RSVPNicole305_A_002.nev
../analysis/data_nev/Chabo_20110326_RSVPNicole305_M_001.nev
../analysis/data_nev/Chabo_20110326_RSVPNicole305_M_002.nev
../analysis/data_nev/Chabo_20110326_RSVPNicole305_P_001.nev
../analysis/data_nev/Chabo_20110326_RSVPNicole305_P_002.nev
../analysis/data_nev/Chabo_20110327_RSVPNicole10x6_A_001.nev
../analysis/data_nev/Chabo_20110327_RSVPNicole10x6_A_002.nev
../analysis/data_nev/Chabo_20110327_RSVPNicole10x6_A_003.nev
../analysis/data_nev/Chabo_20110327_RSVPNicole10x6_M_001.nev
../analysis/data_nev/Chabo_20110327_RSVPNicole10x6_M_002.nev
../analysis/data_nev/Chabo_20110327_RSVPNicole10x6_M_003.nev
../analysis/data_nev/Chabo_20110327_RSVPNicole10x6_P_001.nev
../analysis/data_nev/Chabo_20110327_RSVPNicole10x6_P_002.nev
../analysis/data_nev/Chabo_20110327_RSVPNicole10x6_P_003.nev
../analysis/data_nev/Chabo_20110327_RSVPNicole305_A_001.nev
../analysis/data_nev/Chabo_20110327_RSVPNicole305_M_001.nev
../analysis/data_nev/Chabo_20110327_RSVPNicole305_P_001.nev
